// Jest Snapshot v1, https://goo.gl/fbAQLP

exports[`Spin should render correctly 1`] = `
.c2 {
  position: absolute;
  top: 0;
  left: 0;
  width: 100%;
  height: 100%;
  border-radius: 50%;
  background-color: #3c5ad0;
  -webkit-animation: hmSITC 1.5s infinite linear both;
  animation: hmSITC 1.5s infinite linear both;
}

.c3 {
  position: absolute;
  top: 0;
  left: 0;
  width: 100%;
  height: 100%;
  border-radius: 50%;
  background-color: #3c5ad0;
  -webkit-animation: kFQytL 1.5s infinite linear both;
  animation: kFQytL 1.5s infinite linear both;
}

.c4 {
  position: absolute;
  top: 0;
  left: 0;
  width: 100%;
  height: 100%;
  border-radius: 50%;
  background-color: #3c5ad0;
  -webkit-animation: jDjBtD 1.5s infinite linear both;
  animation: jDjBtD 1.5s infinite linear both;
}

.c1 {
  position: relative;
  width: 40px;
  height: 40px;
}

.c0 {
  display: -webkit-box;
  display: -webkit-flex;
  display: -ms-flexbox;
  display: flex;
  -webkit-align-items: center;
  -webkit-box-align: center;
  -ms-flex-align: center;
  align-items: center;
  -webkit-box-pack: center;
  -webkit-justify-content: center;
  -ms-flex-pack: center;
  justify-content: center;
  width: 100%;
  height: 100%;
}

<div
  style="height: 300px;"
>
  <div
    class="c0"
  >
    <div
      class="c1"
      size="40"
    >
      <div
        class="c2"
      />
      <div
        class="c3"
      />
      <div
        class="c4"
      />
    </div>
  </div>
</div>
`;
