// Jest Snapshot v1, https://goo.gl/fbAQLP

exports[`Breadcrumb should render breadcrumb correctly 1`] = `
.c3 {
  box-sizing: border-box;
  display: -webkit-inline-box;
  display: -webkit-inline-flex;
  display: -ms-inline-flexbox;
  display: inline-flex;
  overflow: hidden;
  width: 0%;
}

.c0 {
  display: -webkit-box;
  display: -webkit-flex;
  display: -ms-flexbox;
  display: flex;
  box-sizing: border-box;
  -webkit-flex: auto;
  -ms-flex: auto;
  flex: auto;
  -webkit-align-items: center;
  -webkit-box-align: center;
  -ms-flex-align: center;
  align-items: center;
  overflow: hidden;
}

.c1 {
  display: -webkit-inline-box;
  display: -webkit-inline-flex;
  display: -ms-inline-flexbox;
  display: inline-flex;
  line-height: 1;
  cursor: pointer;
}

.c1 svg {
  fill: #67758d;
  vertical-align: middle;
  pointer-events: none;
  -webkit-transition: all 200ms ease 0s;
  transition: all 200ms ease 0s;
}

.c1.c1.c1 svg {
  fill: #97a4ba;
  width: 24px;
  height: 24px;
}

.c5 {
  width: 100%;
  overflow-x: hidden;
  text-overflow: ellipsis;
  white-space: nowrap;
}

.c4 {
  max-width: auto;
  color: #97a4ba;
  font-size: 1rem;
  font-weight: bold;
  -webkit-letter-spacing: 0.2px;
  -moz-letter-spacing: 0.2px;
  -ms-letter-spacing: 0.2px;
  letter-spacing: 0.2px;
  white-space: pre-wrap;
  cursor: auto;
  color: #283040;
  -webkit-transition: all 200ms ease 0s;
  transition: all 200ms ease 0s;
}

.c2:hover svg {
  fill: #328ef5 !important;
}

<div>
  <div
    class="c0"
    overflow="hidden"
    style="opacity: 0; transition: transition: all 200ms ease 0s;"
  >
    <i
      class="c1 c2"
      cursor="pointer"
      fill="gray400"
      size="24"
    >
      <svg
        fill="currentColor"
        height="1em"
        stroke="currentColor"
        stroke-width="0"
        viewBox="0 0 24 24"
        width="1em"
        xmlns="http://www.w3.org/2000/svg"
      >
        <path
          d="M6 10c-1.1 0-2 .9-2 2s.9 2 2 2 2-.9 2-2-.9-2-2-2zm12 0c-1.1 0-2 .9-2 2s.9 2 2 2 2-.9 2-2-.9-2-2-2zm-6 0c-1.1 0-2 .9-2 2s.9 2 2 2 2-.9 2-2-.9-2-2-2z"
        />
      </svg>
    </i>
    <div
      class="c3"
      display="inline-flex"
      overflow="hidden"
      width="0"
    >
      <a
        class="c4"
      >
        <div
          class="c5"
        >
          1
        </div>
      </a>
    </div>
  </div>
</div>
`;
