// Jest Snapshot v1, https://goo.gl/fbAQLP

exports[`Checkbox should render correctly 1`] = `
.c7 {
  box-sizing: border-box;
  padding-left: 0.5rem;
  padding-right: 0.5rem;
}

.c3 {
  display: inline-block;
  position: relative;
  margin-bottom: 1px;
  line-height: 1;
}

.c6 {
  display: block;
  position: relative;
  width: 16px;
  height: 16px;
  padding: 0;
  border: 1px solid;
  border-radius: 2px;
  border-color: #97a4ba;
  background-color: #ffffff;
  color: #283040;
  -webkit-transition: all 200ms ease 0s;
  transition: all 200ms ease 0s;
}

.c6::after {
  content: '';
  position: absolute;
  top: 1px;
  left: 5px;
  width: 5px;
  height: 10px;
  border: solid white;
  border-width: 0 2px 2px 0;
  opacity: 0;
  -webkit-transform: rotate(45deg) scale(0);
  -ms-transform: rotate(45deg) scale(0);
  transform: rotate(45deg) scale(0);
  -webkit-transition: all 200ms ease 0s;
  transition: all 200ms ease 0s;
}

.c4 {
  position: absolute;
  top: 0;
  right: 0;
  bottom: 0;
  left: 0;
  width: 100%;
  height: 100%;
  opacity: 0;
}

.c4:checked + .c5 {
  border-color: #328ef5;
  background-color: #328ef5;
}

.c4:checked + .c5::after {
  opacity: 1;
  -webkit-transform: rotate(45deg) scale(1);
  -ms-transform: rotate(45deg) scale(1);
  transform: rotate(45deg) scale(1);
}

.c1 {
  display: -webkit-inline-box;
  display: -webkit-inline-flex;
  display: -ms-inline-flexbox;
  display: inline-flex;
  -webkit-align-items: center;
  -webkit-box-align: center;
  -ms-flex-align: center;
  align-items: center;
  font-size: 1rem;
  cursor: pointer;
}

.c0 + .c0 {
  margin-left: 0.5rem;
}

.c1:hover .c5 {
  border-color: #328ef5;
}

.c2 + .c0 {
  margin-left: 0.5rem;
}

<label
  class="c0 c1 c2"
  direction="horizontal"
>
  <span
    class="c3"
  >
    <input
      class="c4"
      type="checkbox"
    />
    <span
      class="c5 c6"
    />
  </span>
  <div
    class="c7"
  >
    Checkbox
  </div>
</label>
`;
