// Jest Snapshot v1, https://goo.gl/fbAQLP

exports[`Mention should render correctly 1`] = `
.c2 {
  word-wrap: break-word;
  resize: none;
  display: block;
  width: 100%;
  max-width: 100%;
  border: 1px solid;
  border-radius: 0.25rem;
  border-color: #bfbfbf;
  outline: none;
  background-color: #ffffff;
  color: #373737;
  line-height: 1.5;
  -webkit-appearance: none;
  -moz-appearance: none;
  appearance: none;
  height: 2.25rem;
  padding: 4px 0.75rem;
  font-size: 1rem;
  -webkit-transition: all 200ms ease 0s;
  transition: all 200ms ease 0s;
  height: auto;
  -webkit-transition: border 0.2s ease;
  transition: border 0.2s ease;
}

.c2:hover {
  border-color: #3c5ad0;
}

.c2:focus {
  border-color: #3c5ad0;
  box-shadow: inset 0 0 0 2px #e8ecf5;
}

.c2:disabled,
.c2 [disabled] {
  border-color: #bfbfbf;
  background-color: #e0e0e0;
  color: #8b8b8b;
  cursor: not-allowed;
}

.c2::-webkit-input-placeholder {
  color: #bfbfbf;
}

.c2::-moz-placeholder {
  color: #bfbfbf;
}

.c2:-ms-input-placeholder {
  color: #bfbfbf;
}

.c2::placeholder {
  color: #bfbfbf;
}

.c3 {
  position: absolute;
  top: 0;
  background-color: transparent;
  color: transparent;
  caret-color: #373737;
}

.c0 {
  position: relative;
}

.c0 .mention-highlight {
  display: -webkit-inline-box;
  display: -webkit-inline-flex;
  display: -ms-inline-flexbox;
  display: inline-flex;
  color: #6B88c5;
  line-height: 1.3;
  -webkit-text-decoration: none;
  text-decoration: none;
}

.c0 .mention-highlight.invalid {
  color: #fc5475;
}

.c1 {
  display: block;
  width: 100%;
  max-width: 100%;
  border: 1px solid;
  border-radius: 0.25rem;
  border-color: #bfbfbf;
  outline: none;
  background-color: #ffffff;
  color: #373737;
  line-height: 1.5;
  -webkit-appearance: none;
  -moz-appearance: none;
  appearance: none;
  height: 2.25rem;
  padding: 4px 0.75rem;
  font-size: 1rem;
  -webkit-transition: all 200ms ease 0s;
  transition: all 200ms ease 0s;
  overflow-y: auto;
  border-color: transparent;
  color: #373737;
  word-break: break-word;
  white-space: pre-wrap;
  -webkit-transition: none;
  transition: none;
}

.c1:hover {
  border-color: #3c5ad0;
}

.c1:focus {
  border-color: #3c5ad0;
  box-shadow: inset 0 0 0 2px #e8ecf5;
}

.c1:disabled,
.c1 [disabled] {
  border-color: #bfbfbf;
  background-color: #e0e0e0;
  color: #8b8b8b;
  cursor: not-allowed;
}

.c1::-webkit-input-placeholder {
  color: #bfbfbf;
}

.c1::-moz-placeholder {
  color: #bfbfbf;
}

.c1:-ms-input-placeholder {
  color: #bfbfbf;
}

.c1::placeholder {
  color: #bfbfbf;
}

<div
  class="c0"
>
  <div
    class="c1"
    style="height: 0px;"
  />
  <textarea
    class="c2 c3"
    rows="1"
    style="overflow-x: hidden; word-wrap: break-word; overflow-y: hidden;"
  />
</div>
`;
