// Jest Snapshot v1, https://goo.gl/fbAQLP

exports[`Radio should render correctly 1`] = `
.c6 {
  box-sizing: border-box;
  padding-left: 0.5rem;
  padding-right: 0.5rem;
}

.c2 {
  display: inline-block;
  position: relative;
  margin-bottom: 1px;
  line-height: 1;
}

.c5 {
  display: block;
  position: relative;
  width: 16px;
  height: 16px;
  padding: 0;
  border: 1px solid;
  border-radius: 50%;
  border-color: #bfbfbf;
  background-color: #ffffff;
  color: #373737;
  -webkit-transition: all 200ms ease 0s;
  transition: all 200ms ease 0s;
}

.c5::after {
  content: '';
  position: absolute;
  top: 2px;
  left: 2px;
  width: 10px;
  height: 10px;
  border-radius: 50%;
  opacity: 0;
  background-color: #3c5ad0;
  -webkit-transform: scale(0);
  -ms-transform: scale(0);
  transform: scale(0);
  -webkit-transition: all 200ms ease 0s;
  transition: all 200ms ease 0s;
}

.c3 {
  position: absolute;
  top: 0;
  right: 0;
  bottom: 0;
  left: 0;
  width: 100%;
  height: 100%;
  opacity: 0;
}

.c3:checked + .c4 {
  border-color: #3c5ad0;
}

.c3:checked + .c4::after {
  opacity: 1;
  -webkit-transform: scale(1);
  -ms-transform: scale(1);
  transform: scale(1);
}

.c1 {
  display: -webkit-inline-box;
  display: -webkit-inline-flex;
  display: -ms-inline-flexbox;
  display: inline-flex;
  -webkit-align-items: center;
  -webkit-box-align: center;
  -ms-flex-align: center;
  align-items: center;
  font-size: 1rem;
  cursor: pointer;
}

.c1:hover .c4 {
  border-color: #3c5ad0;
}

.c1 + .c0 {
  margin-left: 0.5rem;
}

<label
  class="c0 c1"
  direction="horizontal"
>
  <span
    class="c2"
  >
    <input
      class="c3"
      type="radio"
    />
    <span
      class="c4 c5"
    />
  </span>
  <div
    class="c6"
  >
    Radio
  </div>
</label>
`;
