// Jest Snapshot v1, https://goo.gl/fbAQLP

exports[`Modal should render correctly 1`] = `null`;

exports[`Modal should render with props closable 1`] = `null`;
