// Jest Snapshot v1, https://goo.gl/fbAQLP

exports[`Backdrop should not render backdrop 1`] = `
<body>
  <div
    portal-container=""
  />
  <div />
</body>
`;

exports[`Backdrop should render backdrop correctly 1`] = `
.c0 {
  position: fixed;
  z-index: -1;
  top: 0;
  right: 0;
  bottom: 0;
  left: 0;
  background-color: rgba(0,0,0,0.65);
}

<body>
  <div />
  <div
    portal-container=""
  >
    <div
      style="position: fixed; top: 0px; left: 0px; z-index: 5;"
    >
      <div
        class="c0"
        style="opacity: 0;"
      />
    </div>
  </div>
</body>
`;
