// Jest Snapshot v1, https://goo.gl/fbAQLP

exports[`Backdrop should not render backdrop 1`] = `null`;

exports[`Backdrop should render backdrop correctly 1`] = `
.c0 {
  position: fixed;
  z-index: -1;
  top: 0;
  right: 0;
  bottom: 0;
  left: 0;
  background-color: rgba(0,0,0,0.65);
}

<div
  class="c0"
  style="opacity: 1;"
/>
`;
