// Jest Snapshot v1, https://goo.gl/fbAQLP

exports[`Steps should render correctly 1`] = `
.c0 {
  display: -webkit-box;
  display: -webkit-flex;
  display: -ms-flexbox;
  display: flex;
  box-sizing: border-box;
  -webkit-flex-direction: row;
  -ms-flex-direction: row;
  flex-direction: row;
}

.c1 {
  display: -webkit-box;
  display: -webkit-flex;
  display: -ms-flexbox;
  display: flex;
  box-sizing: border-box;
  -webkit-flex: auto;
  -ms-flex: auto;
  flex: auto;
  margin-right: 16px;
  margin-bottom: 0rem;
  overflow: hidden;
  min-height: auto;
}

.c10 {
  display: -webkit-box;
  display: -webkit-flex;
  display: -ms-flexbox;
  display: flex;
  box-sizing: border-box;
  -webkit-flex: none;
  -ms-flex: none;
  flex: none;
  margin-right: 16px;
  margin-bottom: 0rem;
  overflow: hidden;
  min-height: auto;
}

.c3 {
  display: -webkit-inline-box;
  display: -webkit-inline-flex;
  display: -ms-inline-flexbox;
  display: inline-flex;
  line-height: 1;
  cursor: default;
}

.c3 svg {
  fill: #67758d;
  vertical-align: middle;
  pointer-events: none;
  -webkit-transition: all 200ms ease 0s;
  transition: all 200ms ease 0s;
}

.c3.c3.c3 svg {
  fill: #328ef5;
  width: 20px;
  height: 20px;
}

.c7 {
  display: -webkit-inline-box;
  display: -webkit-inline-flex;
  display: -ms-inline-flexbox;
  display: inline-flex;
  line-height: 1;
  cursor: default;
}

.c7 svg {
  fill: #67758d;
  vertical-align: middle;
  pointer-events: none;
  -webkit-transition: all 200ms ease 0s;
  transition: all 200ms ease 0s;
}

.c7.c7.c7 svg {
  fill: #ff5757;
  width: 20px;
  height: 20px;
}

.c2 {
  display: -webkit-box;
  display: -webkit-flex;
  display: -ms-flexbox;
  display: flex;
  position: relative;
  -webkit-flex: none;
  -ms-flex: none;
  flex: none;
  -webkit-align-items: center;
  -webkit-box-align: center;
  -ms-flex-align: center;
  align-items: center;
  -webkit-box-pack: center;
  -webkit-justify-content: center;
  -ms-flex-pack: center;
  justify-content: center;
  width: 32px;
  height: 32px;
  margin-right: 8px;
  border: 1px solid;
  border-radius: 50%;
  border-color: #328ef5;
  background-color: #ffffff;
  color: #328ef5;
  cursor: pointer;
  -webkit-transition: all 200ms ease 0s;
  transition: all 200ms ease 0s;
}

.c6 {
  display: -webkit-box;
  display: -webkit-flex;
  display: -ms-flexbox;
  display: flex;
  position: relative;
  -webkit-flex: none;
  -ms-flex: none;
  flex: none;
  -webkit-align-items: center;
  -webkit-box-align: center;
  -ms-flex-align: center;
  align-items: center;
  -webkit-box-pack: center;
  -webkit-justify-content: center;
  -ms-flex-pack: center;
  justify-content: center;
  width: 32px;
  height: 32px;
  margin-right: 8px;
  border: 1px solid;
  border-radius: 50%;
  border-color: #ff5757;
  background-color: #ffffff;
  color: #ff5757;
  cursor: pointer;
  -webkit-transition: all 200ms ease 0s;
  transition: all 200ms ease 0s;
}

.c11 {
  display: -webkit-box;
  display: -webkit-flex;
  display: -ms-flexbox;
  display: flex;
  position: relative;
  -webkit-flex: none;
  -ms-flex: none;
  flex: none;
  -webkit-align-items: center;
  -webkit-box-align: center;
  -ms-flex-align: center;
  align-items: center;
  -webkit-box-pack: center;
  -webkit-justify-content: center;
  -ms-flex-pack: center;
  justify-content: center;
  width: 32px;
  height: 32px;
  margin-right: 8px;
  border: 1px solid;
  border-radius: 50%;
  border-color: #67758d;
  background-color: #ffffff;
  color: #67758d;
  cursor: pointer;
  -webkit-transition: all 200ms ease 0s;
  transition: all 200ms ease 0s;
}

.c4 {
  display: inline-block;
  position: relative;
  -webkit-align-items: center;
  -webkit-box-align: center;
  -ms-flex-align: center;
  align-items: center;
  height: 32px;
  padding-right: 16px;
  color: #67758d;
  line-height: 32px;
  -webkit-transition: all 200ms ease 0s;
  transition: all 200ms ease 0s;
}

.c4::after {
  content: '';
  display: block;
  position: absolute;
  top: 16px;
  left: 100%;
  width: 9999px;
  height: 1px;
  background: #ff5757;
}

.c8 {
  display: inline-block;
  position: relative;
  -webkit-align-items: center;
  -webkit-box-align: center;
  -ms-flex-align: center;
  align-items: center;
  height: 32px;
  padding-right: 16px;
  color: #ff5757;
  line-height: 32px;
  -webkit-transition: all 200ms ease 0s;
  transition: all 200ms ease 0s;
}

.c8::after {
  content: '';
  display: block;
  position: absolute;
  top: 16px;
  left: 100%;
  width: 9999px;
  height: 1px;
  background: #328ef5;
}

.c12 {
  display: inline-block;
  position: relative;
  -webkit-align-items: center;
  -webkit-box-align: center;
  -ms-flex-align: center;
  align-items: center;
  height: 32px;
  padding-right: 16px;
  color: #67758d;
  line-height: 32px;
  -webkit-transition: all 200ms ease 0s;
  transition: all 200ms ease 0s;
}

.c5 {
  color: #67758d;
  font-size: 0.875rem;
  -webkit-transition: all 200ms ease 0s;
  transition: all 200ms ease 0s;
}

.c9 {
  color: #ff5757;
  font-size: 0.875rem;
  -webkit-transition: all 200ms ease 0s;
  transition: all 200ms ease 0s;
}

<div
  class="c0"
>
  <div
    class="c1"
    overflow="hidden"
  >
    <div
      class="c2"
      direction="horizontal"
    >
      <i
        class="c3"
        cursor="default"
        fill="primary"
        size="20"
        style="pointer-events: none;"
      >
        <svg
          fill="currentColor"
          height="1em"
          stroke="currentColor"
          stroke-width="0"
          viewBox="0 0 24 24"
          width="1em"
          xmlns="http://www.w3.org/2000/svg"
        >
          <path
            d="M9 16.2L4.8 12l-1.4 1.4L9 19 21 7l-1.4-1.4L9 16.2z"
          />
        </svg>
      </i>
    </div>
    <div>
      <div
        class="c4"
        direction="horizontal"
      >
        Finished
      </div>
      <div
        class="c5"
        direction="horizontal"
      >
        This is a description
      </div>
    </div>
  </div>
  <div
    class="c1"
    overflow="hidden"
  >
    <div
      class="c6"
      direction="horizontal"
    >
      <i
        class="c7"
        cursor="default"
        fill="error"
        size="20"
        style="pointer-events: none;"
      >
        <svg
          fill="currentColor"
          height="1em"
          stroke="currentColor"
          stroke-width="0"
          viewBox="0 0 24 24"
          width="1em"
          xmlns="http://www.w3.org/2000/svg"
        >
          <path
            d="M19 6.41L17.59 5 12 10.59 6.41 5 5 6.41 10.59 12 5 17.59 6.41 19 12 13.41 17.59 19 19 17.59 13.41 12z"
          />
        </svg>
      </i>
    </div>
    <div>
      <div
        class="c8"
        direction="horizontal"
      >
        In Progress
      </div>
      <div
        class="c9"
        direction="horizontal"
      >
        This is a description
      </div>
    </div>
  </div>
  <div
    class="c10"
    overflow="hidden"
  >
    <div
      class="c11"
      direction="horizontal"
    >
      3
    </div>
    <div>
      <div
        class="c12"
        direction="horizontal"
      >
        Waiting
      </div>
      <div
        class="c5"
        direction="horizontal"
      >
        This is a description
      </div>
    </div>
  </div>
</div>
`;
